ERROR - 2026-04-22 13:20:55 --> Unknown column 'updated_at' in 'field list'
in SYSTEMPATH\Database\MySQLi\Connection.php on line 300.
 1 SYSTEMPATH\Database\MySQLi\Connection.php(300): mysqli->query('INSERT INTO `audit_logs` (`user_id`, `action`, `entity_type`, `entity_id`, `old_data`, `new_data`, `ip_address`, `user_agent`, `created_at`, `updated_at`) VALUES (\'1\', \'LOGIN\', \'usuarios\', \'1\', NULL, NULL, \'::1\', \'Mozilla/5.0 (Windows NT 10.0; Win64; x64) AppleWebKit/537.36 (KHTML, like Gecko) Chrome/147.0.0.0 Safari/537.36\', \'2026-04-22 13:20:55\', \'2026-04-22 13:20:55\')', 0)
 2 SYSTEMPATH\Database\BaseConnection.php(769): CodeIgniter\Database\MySQLi\Connection->execute('INSERT INTO `audit_logs` (`user_id`, `action`, `entity_type`, `entity_id`, `old_data`, `new_data`, `ip_address`, `user_agent`, `created_at`, `updated_at`) VALUES (\'1\', \'LOGIN\', \'usuarios\', \'1\', NULL, NULL, \'::1\', \'Mozilla/5.0 (Windows NT 10.0; Win64; x64) AppleWebKit/537.36 (KHTML, like Gecko) Chrome/147.0.0.0 Safari/537.36\', \'2026-04-22 13:20:55\', \'2026-04-22 13:20:55\')')
 3 SYSTEMPATH\Database\BaseConnection.php(686): CodeIgniter\Database\BaseConnection->simpleQuery('INSERT INTO `audit_logs` (`user_id`, `action`, `entity_type`, `entity_id`, `old_data`, `new_data`, `ip_address`, `user_agent`, `created_at`, `updated_at`) VALUES (\'1\', \'LOGIN\', \'usuarios\', \'1\', NULL, NULL, \'::1\', \'Mozilla/5.0 (Windows NT 10.0; Win64; x64) AppleWebKit/537.36 (KHTML, like Gecko) Chrome/147.0.0.0 Safari/537.36\', \'2026-04-22 13:20:55\', \'2026-04-22 13:20:55\')')
 4 SYSTEMPATH\Database\BaseBuilder.php(2345): CodeIgniter\Database\BaseConnection->query('INSERT INTO `audit_logs` (`user_id`, `action`, `entity_type`, `entity_id`, `old_data`, `new_data`, `ip_address`, `user_agent`, `created_at`, `updated_at`) VALUES (:user_id:, :action:, :entity_type:, :entity_id:, :old_data:, :new_data:, :ip_address:, :user_agent:, :created_at:, :updated_at:)', [...], false)
 5 SYSTEMPATH\Model.php(356): CodeIgniter\Database\BaseBuilder->insert()
 6 SYSTEMPATH\BaseModel.php(898): CodeIgniter\Model->doInsert([...])
 7 SYSTEMPATH\Model.php(665): CodeIgniter\BaseModel->insert([...], true)
 8 APPPATH\Models\AuditLogModel.php(31): CodeIgniter\Model->insert([...])
 9 APPPATH\Controllers\AuthController.php(124): App\Models\AuditLogModel->log('1', 'LOGIN', 'usuarios', '1')
10 SYSTEMPATH\CodeIgniter.php(951): App\Controllers\AuthController->attemptLogin()
11 SYSTEMPATH\CodeIgniter.php(497): CodeIgniter\CodeIgniter->runController(Object(App\Controllers\AuthController))
12 SYSTEMPATH\CodeIgniter.php(340): CodeIgniter\CodeIgniter->handleRequest(null, Object(Config\Cache), false)
13 SYSTEMPATH\Boot.php(417): CodeIgniter\CodeIgniter->run()
14 SYSTEMPATH\Boot.php(68): CodeIgniter\Boot::runCodeIgniter(Object(CodeIgniter\CodeIgniter))
15 FCPATH\index.php(59): CodeIgniter\Boot::bootWeb(Object(Config\Paths))
16 SYSTEMPATH\rewrite.php(44): require_once('C:\\Users\\Usuario\\Desktop\\sistema\\Nueva-carpeta\\public\\index.php')
CRITICAL - 2026-04-22 13:20:55 --> CodeIgniter\Database\Exceptions\DatabaseException: Unknown column 'updated_at' in 'field list'
[Method: POST, Route: login]
in SYSTEMPATH\Database\BaseConnection.php on line 724.
 1 SYSTEMPATH\Database\BaseBuilder.php(2345): CodeIgniter\Database\BaseConnection->query('INSERT INTO `audit_logs` (`user_id`, `action`, `entity_type`, `entity_id`, `old_data`, `new_data`, `ip_address`, `user_agent`, `created_at`, `updated_at`) VALUES (:user_id:, :action:, :entity_type:, :entity_id:, :old_data:, :new_data:, :ip_address:, :user_agent:, :created_at:, :updated_at:)', [...], false)
 2 SYSTEMPATH\Model.php(356): CodeIgniter\Database\BaseBuilder->insert()
 3 SYSTEMPATH\BaseModel.php(898): CodeIgniter\Model->doInsert([...])
 4 SYSTEMPATH\Model.php(665): CodeIgniter\BaseModel->insert([...], true)
 5 APPPATH\Models\AuditLogModel.php(31): CodeIgniter\Model->insert([...])
 6 APPPATH\Controllers\AuthController.php(124): App\Models\AuditLogModel->log('1', 'LOGIN', 'usuarios', '1')
 7 SYSTEMPATH\CodeIgniter.php(951): App\Controllers\AuthController->attemptLogin()
 8 SYSTEMPATH\CodeIgniter.php(497): CodeIgniter\CodeIgniter->runController(Object(App\Controllers\AuthController))
 9 SYSTEMPATH\CodeIgniter.php(340): CodeIgniter\CodeIgniter->handleRequest(null, Object(Config\Cache), false)
10 SYSTEMPATH\Boot.php(417): CodeIgniter\CodeIgniter->run()
11 SYSTEMPATH\Boot.php(68): CodeIgniter\Boot::runCodeIgniter(Object(CodeIgniter\CodeIgniter))
12 FCPATH\index.php(59): CodeIgniter\Boot::bootWeb(Object(Config\Paths))
13 SYSTEMPATH\rewrite.php(44): require_once('C:\\Users\\Usuario\\Desktop\\sistema\\Nueva-carpeta\\public\\index.php')
CRITICAL - 2026-04-22 13:20:55 --> [Caused by] CodeIgniter\Database\Exceptions\DatabaseException: Unknown column 'updated_at' in 'field list'
in SYSTEMPATH\Database\MySQLi\Connection.php on line 310.
 1 SYSTEMPATH\Database\BaseConnection.php(769): CodeIgniter\Database\MySQLi\Connection->execute('INSERT INTO `audit_logs` (`user_id`, `action`, `entity_type`, `entity_id`, `old_data`, `new_data`, `ip_address`, `user_agent`, `created_at`, `updated_at`) VALUES (\'1\', \'LOGIN\', \'usuarios\', \'1\', NULL, NULL, \'::1\', \'Mozilla/5.0 (Windows NT 10.0; Win64; x64) AppleWebKit/537.36 (KHTML, like Gecko) Chrome/147.0.0.0 Safari/537.36\', \'2026-04-22 13:20:55\', \'2026-04-22 13:20:55\')')
 2 SYSTEMPATH\Database\BaseConnection.php(686): CodeIgniter\Database\BaseConnection->simpleQuery('INSERT INTO `audit_logs` (`user_id`, `action`, `entity_type`, `entity_id`, `old_data`, `new_data`, `ip_address`, `user_agent`, `created_at`, `updated_at`) VALUES (\'1\', \'LOGIN\', \'usuarios\', \'1\', NULL, NULL, \'::1\', \'Mozilla/5.0 (Windows NT 10.0; Win64; x64) AppleWebKit/537.36 (KHTML, like Gecko) Chrome/147.0.0.0 Safari/537.36\', \'2026-04-22 13:20:55\', \'2026-04-22 13:20:55\')')
 3 SYSTEMPATH\Database\BaseBuilder.php(2345): CodeIgniter\Database\BaseConnection->query('INSERT INTO `audit_logs` (`user_id`, `action`, `entity_type`, `entity_id`, `old_data`, `new_data`, `ip_address`, `user_agent`, `created_at`, `updated_at`) VALUES (:user_id:, :action:, :entity_type:, :entity_id:, :old_data:, :new_data:, :ip_address:, :user_agent:, :created_at:, :updated_at:)', [...], false)
 4 SYSTEMPATH\Model.php(356): CodeIgniter\Database\BaseBuilder->insert()
 5 SYSTEMPATH\BaseModel.php(898): CodeIgniter\Model->doInsert([...])
 6 SYSTEMPATH\Model.php(665): CodeIgniter\BaseModel->insert([...], true)
 7 APPPATH\Models\AuditLogModel.php(31): CodeIgniter\Model->insert([...])
 8 APPPATH\Controllers\AuthController.php(124): App\Models\AuditLogModel->log('1', 'LOGIN', 'usuarios', '1')
 9 SYSTEMPATH\CodeIgniter.php(951): App\Controllers\AuthController->attemptLogin()
10 SYSTEMPATH\CodeIgniter.php(497): CodeIgniter\CodeIgniter->runController(Object(App\Controllers\AuthController))
11 SYSTEMPATH\CodeIgniter.php(340): CodeIgniter\CodeIgniter->handleRequest(null, Object(Config\Cache), false)
12 SYSTEMPATH\Boot.php(417): CodeIgniter\CodeIgniter->run()
13 SYSTEMPATH\Boot.php(68): CodeIgniter\Boot::runCodeIgniter(Object(CodeIgniter\CodeIgniter))
14 FCPATH\index.php(59): CodeIgniter\Boot::bootWeb(Object(Config\Paths))
15 SYSTEMPATH\rewrite.php(44): require_once('C:\\Users\\Usuario\\Desktop\\sistema\\Nueva-carpeta\\public\\index.php')
CRITICAL - 2026-04-22 13:20:55 --> [Caused by] mysqli_sql_exception: Unknown column 'updated_at' in 'field list'
in SYSTEMPATH\Database\MySQLi\Connection.php on line 300.
 1 SYSTEMPATH\Database\MySQLi\Connection.php(300): mysqli->query('INSERT INTO `audit_logs` (`user_id`, `action`, `entity_type`, `entity_id`, `old_data`, `new_data`, `ip_address`, `user_agent`, `created_at`, `updated_at`) VALUES (\'1\', \'LOGIN\', \'usuarios\', \'1\', NULL, NULL, \'::1\', \'Mozilla/5.0 (Windows NT 10.0; Win64; x64) AppleWebKit/537.36 (KHTML, like Gecko) Chrome/147.0.0.0 Safari/537.36\', \'2026-04-22 13:20:55\', \'2026-04-22 13:20:55\')', 0)
 2 SYSTEMPATH\Database\BaseConnection.php(769): CodeIgniter\Database\MySQLi\Connection->execute('INSERT INTO `audit_logs` (`user_id`, `action`, `entity_type`, `entity_id`, `old_data`, `new_data`, `ip_address`, `user_agent`, `created_at`, `updated_at`) VALUES (\'1\', \'LOGIN\', \'usuarios\', \'1\', NULL, NULL, \'::1\', \'Mozilla/5.0 (Windows NT 10.0; Win64; x64) AppleWebKit/537.36 (KHTML, like Gecko) Chrome/147.0.0.0 Safari/537.36\', \'2026-04-22 13:20:55\', \'2026-04-22 13:20:55\')')
 3 SYSTEMPATH\Database\BaseConnection.php(686): CodeIgniter\Database\BaseConnection->simpleQuery('INSERT INTO `audit_logs` (`user_id`, `action`, `entity_type`, `entity_id`, `old_data`, `new_data`, `ip_address`, `user_agent`, `created_at`, `updated_at`) VALUES (\'1\', \'LOGIN\', \'usuarios\', \'1\', NULL, NULL, \'::1\', \'Mozilla/5.0 (Windows NT 10.0; Win64; x64) AppleWebKit/537.36 (KHTML, like Gecko) Chrome/147.0.0.0 Safari/537.36\', \'2026-04-22 13:20:55\', \'2026-04-22 13:20:55\')')
 4 SYSTEMPATH\Database\BaseBuilder.php(2345): CodeIgniter\Database\BaseConnection->query('INSERT INTO `audit_logs` (`user_id`, `action`, `entity_type`, `entity_id`, `old_data`, `new_data`, `ip_address`, `user_agent`, `created_at`, `updated_at`) VALUES (:user_id:, :action:, :entity_type:, :entity_id:, :old_data:, :new_data:, :ip_address:, :user_agent:, :created_at:, :updated_at:)', [...], false)
 5 SYSTEMPATH\Model.php(356): CodeIgniter\Database\BaseBuilder->insert()
 6 SYSTEMPATH\BaseModel.php(898): CodeIgniter\Model->doInsert([...])
 7 SYSTEMPATH\Model.php(665): CodeIgniter\BaseModel->insert([...], true)
 8 APPPATH\Models\AuditLogModel.php(31): CodeIgniter\Model->insert([...])
 9 APPPATH\Controllers\AuthController.php(124): App\Models\AuditLogModel->log('1', 'LOGIN', 'usuarios', '1')
10 SYSTEMPATH\CodeIgniter.php(951): App\Controllers\AuthController->attemptLogin()
11 SYSTEMPATH\CodeIgniter.php(497): CodeIgniter\CodeIgniter->runController(Object(App\Controllers\AuthController))
12 SYSTEMPATH\CodeIgniter.php(340): CodeIgniter\CodeIgniter->handleRequest(null, Object(Config\Cache), false)
13 SYSTEMPATH\Boot.php(417): CodeIgniter\CodeIgniter->run()
14 SYSTEMPATH\Boot.php(68): CodeIgniter\Boot::runCodeIgniter(Object(CodeIgniter\CodeIgniter))
15 FCPATH\index.php(59): CodeIgniter\Boot::bootWeb(Object(Config\Paths))
16 SYSTEMPATH\rewrite.php(44): require_once('C:\\Users\\Usuario\\Desktop\\sistema\\Nueva-carpeta\\public\\index.php')
ERROR - 2026-04-22 13:21:00 --> Unknown column 'updated_at' in 'field list'
in SYSTEMPATH\Database\MySQLi\Connection.php on line 300.
 1 SYSTEMPATH\Database\MySQLi\Connection.php(300): mysqli->query('INSERT INTO `audit_logs` (`user_id`, `action`, `entity_type`, `entity_id`, `old_data`, `new_data`, `ip_address`, `user_agent`, `created_at`, `updated_at`) VALUES (\'1\', \'LOGIN\', \'usuarios\', \'1\', NULL, NULL, \'::1\', \'Mozilla/5.0 (Windows NT 10.0; Win64; x64) AppleWebKit/537.36 (KHTML, like Gecko) Chrome/147.0.0.0 Safari/537.36\', \'2026-04-22 13:21:00\', \'2026-04-22 13:21:00\')', 0)
 2 SYSTEMPATH\Database\BaseConnection.php(769): CodeIgniter\Database\MySQLi\Connection->execute('INSERT INTO `audit_logs` (`user_id`, `action`, `entity_type`, `entity_id`, `old_data`, `new_data`, `ip_address`, `user_agent`, `created_at`, `updated_at`) VALUES (\'1\', \'LOGIN\', \'usuarios\', \'1\', NULL, NULL, \'::1\', \'Mozilla/5.0 (Windows NT 10.0; Win64; x64) AppleWebKit/537.36 (KHTML, like Gecko) Chrome/147.0.0.0 Safari/537.36\', \'2026-04-22 13:21:00\', \'2026-04-22 13:21:00\')')
 3 SYSTEMPATH\Database\BaseConnection.php(686): CodeIgniter\Database\BaseConnection->simpleQuery('INSERT INTO `audit_logs` (`user_id`, `action`, `entity_type`, `entity_id`, `old_data`, `new_data`, `ip_address`, `user_agent`, `created_at`, `updated_at`) VALUES (\'1\', \'LOGIN\', \'usuarios\', \'1\', NULL, NULL, \'::1\', \'Mozilla/5.0 (Windows NT 10.0; Win64; x64) AppleWebKit/537.36 (KHTML, like Gecko) Chrome/147.0.0.0 Safari/537.36\', \'2026-04-22 13:21:00\', \'2026-04-22 13:21:00\')')
 4 SYSTEMPATH\Database\BaseBuilder.php(2345): CodeIgniter\Database\BaseConnection->query('INSERT INTO `audit_logs` (`user_id`, `action`, `entity_type`, `entity_id`, `old_data`, `new_data`, `ip_address`, `user_agent`, `created_at`, `updated_at`) VALUES (:user_id:, :action:, :entity_type:, :entity_id:, :old_data:, :new_data:, :ip_address:, :user_agent:, :created_at:, :updated_at:)', [...], false)
 5 SYSTEMPATH\Model.php(356): CodeIgniter\Database\BaseBuilder->insert()
 6 SYSTEMPATH\BaseModel.php(898): CodeIgniter\Model->doInsert([...])
 7 SYSTEMPATH\Model.php(665): CodeIgniter\BaseModel->insert([...], true)
 8 APPPATH\Models\AuditLogModel.php(31): CodeIgniter\Model->insert([...])
 9 APPPATH\Controllers\AuthController.php(124): App\Models\AuditLogModel->log('1', 'LOGIN', 'usuarios', '1')
10 SYSTEMPATH\CodeIgniter.php(951): App\Controllers\AuthController->attemptLogin()
11 SYSTEMPATH\CodeIgniter.php(497): CodeIgniter\CodeIgniter->runController(Object(App\Controllers\AuthController))
12 SYSTEMPATH\CodeIgniter.php(340): CodeIgniter\CodeIgniter->handleRequest(null, Object(Config\Cache), false)
13 SYSTEMPATH\Boot.php(417): CodeIgniter\CodeIgniter->run()
14 SYSTEMPATH\Boot.php(68): CodeIgniter\Boot::runCodeIgniter(Object(CodeIgniter\CodeIgniter))
15 FCPATH\index.php(59): CodeIgniter\Boot::bootWeb(Object(Config\Paths))
16 SYSTEMPATH\rewrite.php(44): require_once('C:\\Users\\Usuario\\Desktop\\sistema\\Nueva-carpeta\\public\\index.php')
CRITICAL - 2026-04-22 13:21:00 --> CodeIgniter\Database\Exceptions\DatabaseException: Unknown column 'updated_at' in 'field list'
[Method: POST, Route: login]
in SYSTEMPATH\Database\BaseConnection.php on line 724.
 1 SYSTEMPATH\Database\BaseBuilder.php(2345): CodeIgniter\Database\BaseConnection->query('INSERT INTO `audit_logs` (`user_id`, `action`, `entity_type`, `entity_id`, `old_data`, `new_data`, `ip_address`, `user_agent`, `created_at`, `updated_at`) VALUES (:user_id:, :action:, :entity_type:, :entity_id:, :old_data:, :new_data:, :ip_address:, :user_agent:, :created_at:, :updated_at:)', [...], false)
 2 SYSTEMPATH\Model.php(356): CodeIgniter\Database\BaseBuilder->insert()
 3 SYSTEMPATH\BaseModel.php(898): CodeIgniter\Model->doInsert([...])
 4 SYSTEMPATH\Model.php(665): CodeIgniter\BaseModel->insert([...], true)
 5 APPPATH\Models\AuditLogModel.php(31): CodeIgniter\Model->insert([...])
 6 APPPATH\Controllers\AuthController.php(124): App\Models\AuditLogModel->log('1', 'LOGIN', 'usuarios', '1')
 7 SYSTEMPATH\CodeIgniter.php(951): App\Controllers\AuthController->attemptLogin()
 8 SYSTEMPATH\CodeIgniter.php(497): CodeIgniter\CodeIgniter->runController(Object(App\Controllers\AuthController))
 9 SYSTEMPATH\CodeIgniter.php(340): CodeIgniter\CodeIgniter->handleRequest(null, Object(Config\Cache), false)
10 SYSTEMPATH\Boot.php(417): CodeIgniter\CodeIgniter->run()
11 SYSTEMPATH\Boot.php(68): CodeIgniter\Boot::runCodeIgniter(Object(CodeIgniter\CodeIgniter))
12 FCPATH\index.php(59): CodeIgniter\Boot::bootWeb(Object(Config\Paths))
13 SYSTEMPATH\rewrite.php(44): require_once('C:\\Users\\Usuario\\Desktop\\sistema\\Nueva-carpeta\\public\\index.php')
CRITICAL - 2026-04-22 13:21:00 --> [Caused by] CodeIgniter\Database\Exceptions\DatabaseException: Unknown column 'updated_at' in 'field list'
in SYSTEMPATH\Database\MySQLi\Connection.php on line 310.
 1 SYSTEMPATH\Database\BaseConnection.php(769): CodeIgniter\Database\MySQLi\Connection->execute('INSERT INTO `audit_logs` (`user_id`, `action`, `entity_type`, `entity_id`, `old_data`, `new_data`, `ip_address`, `user_agent`, `created_at`, `updated_at`) VALUES (\'1\', \'LOGIN\', \'usuarios\', \'1\', NULL, NULL, \'::1\', \'Mozilla/5.0 (Windows NT 10.0; Win64; x64) AppleWebKit/537.36 (KHTML, like Gecko) Chrome/147.0.0.0 Safari/537.36\', \'2026-04-22 13:21:00\', \'2026-04-22 13:21:00\')')
 2 SYSTEMPATH\Database\BaseConnection.php(686): CodeIgniter\Database\BaseConnection->simpleQuery('INSERT INTO `audit_logs` (`user_id`, `action`, `entity_type`, `entity_id`, `old_data`, `new_data`, `ip_address`, `user_agent`, `created_at`, `updated_at`) VALUES (\'1\', \'LOGIN\', \'usuarios\', \'1\', NULL, NULL, \'::1\', \'Mozilla/5.0 (Windows NT 10.0; Win64; x64) AppleWebKit/537.36 (KHTML, like Gecko) Chrome/147.0.0.0 Safari/537.36\', \'2026-04-22 13:21:00\', \'2026-04-22 13:21:00\')')
 3 SYSTEMPATH\Database\BaseBuilder.php(2345): CodeIgniter\Database\BaseConnection->query('INSERT INTO `audit_logs` (`user_id`, `action`, `entity_type`, `entity_id`, `old_data`, `new_data`, `ip_address`, `user_agent`, `created_at`, `updated_at`) VALUES (:user_id:, :action:, :entity_type:, :entity_id:, :old_data:, :new_data:, :ip_address:, :user_agent:, :created_at:, :updated_at:)', [...], false)
 4 SYSTEMPATH\Model.php(356): CodeIgniter\Database\BaseBuilder->insert()
 5 SYSTEMPATH\BaseModel.php(898): CodeIgniter\Model->doInsert([...])
 6 SYSTEMPATH\Model.php(665): CodeIgniter\BaseModel->insert([...], true)
 7 APPPATH\Models\AuditLogModel.php(31): CodeIgniter\Model->insert([...])
 8 APPPATH\Controllers\AuthController.php(124): App\Models\AuditLogModel->log('1', 'LOGIN', 'usuarios', '1')
 9 SYSTEMPATH\CodeIgniter.php(951): App\Controllers\AuthController->attemptLogin()
10 SYSTEMPATH\CodeIgniter.php(497): CodeIgniter\CodeIgniter->runController(Object(App\Controllers\AuthController))
11 SYSTEMPATH\CodeIgniter.php(340): CodeIgniter\CodeIgniter->handleRequest(null, Object(Config\Cache), false)
12 SYSTEMPATH\Boot.php(417): CodeIgniter\CodeIgniter->run()
13 SYSTEMPATH\Boot.php(68): CodeIgniter\Boot::runCodeIgniter(Object(CodeIgniter\CodeIgniter))
14 FCPATH\index.php(59): CodeIgniter\Boot::bootWeb(Object(Config\Paths))
15 SYSTEMPATH\rewrite.php(44): require_once('C:\\Users\\Usuario\\Desktop\\sistema\\Nueva-carpeta\\public\\index.php')
CRITICAL - 2026-04-22 13:21:00 --> [Caused by] mysqli_sql_exception: Unknown column 'updated_at' in 'field list'
in SYSTEMPATH\Database\MySQLi\Connection.php on line 300.
 1 SYSTEMPATH\Database\MySQLi\Connection.php(300): mysqli->query('INSERT INTO `audit_logs` (`user_id`, `action`, `entity_type`, `entity_id`, `old_data`, `new_data`, `ip_address`, `user_agent`, `created_at`, `updated_at`) VALUES (\'1\', \'LOGIN\', \'usuarios\', \'1\', NULL, NULL, \'::1\', \'Mozilla/5.0 (Windows NT 10.0; Win64; x64) AppleWebKit/537.36 (KHTML, like Gecko) Chrome/147.0.0.0 Safari/537.36\', \'2026-04-22 13:21:00\', \'2026-04-22 13:21:00\')', 0)
 2 SYSTEMPATH\Database\BaseConnection.php(769): CodeIgniter\Database\MySQLi\Connection->execute('INSERT INTO `audit_logs` (`user_id`, `action`, `entity_type`, `entity_id`, `old_data`, `new_data`, `ip_address`, `user_agent`, `created_at`, `updated_at`) VALUES (\'1\', \'LOGIN\', \'usuarios\', \'1\', NULL, NULL, \'::1\', \'Mozilla/5.0 (Windows NT 10.0; Win64; x64) AppleWebKit/537.36 (KHTML, like Gecko) Chrome/147.0.0.0 Safari/537.36\', \'2026-04-22 13:21:00\', \'2026-04-22 13:21:00\')')
 3 SYSTEMPATH\Database\BaseConnection.php(686): CodeIgniter\Database\BaseConnection->simpleQuery('INSERT INTO `audit_logs` (`user_id`, `action`, `entity_type`, `entity_id`, `old_data`, `new_data`, `ip_address`, `user_agent`, `created_at`, `updated_at`) VALUES (\'1\', \'LOGIN\', \'usuarios\', \'1\', NULL, NULL, \'::1\', \'Mozilla/5.0 (Windows NT 10.0; Win64; x64) AppleWebKit/537.36 (KHTML, like Gecko) Chrome/147.0.0.0 Safari/537.36\', \'2026-04-22 13:21:00\', \'2026-04-22 13:21:00\')')
 4 SYSTEMPATH\Database\BaseBuilder.php(2345): CodeIgniter\Database\BaseConnection->query('INSERT INTO `audit_logs` (`user_id`, `action`, `entity_type`, `entity_id`, `old_data`, `new_data`, `ip_address`, `user_agent`, `created_at`, `updated_at`) VALUES (:user_id:, :action:, :entity_type:, :entity_id:, :old_data:, :new_data:, :ip_address:, :user_agent:, :created_at:, :updated_at:)', [...], false)
 5 SYSTEMPATH\Model.php(356): CodeIgniter\Database\BaseBuilder->insert()
 6 SYSTEMPATH\BaseModel.php(898): CodeIgniter\Model->doInsert([...])
 7 SYSTEMPATH\Model.php(665): CodeIgniter\BaseModel->insert([...], true)
 8 APPPATH\Models\AuditLogModel.php(31): CodeIgniter\Model->insert([...])
 9 APPPATH\Controllers\AuthController.php(124): App\Models\AuditLogModel->log('1', 'LOGIN', 'usuarios', '1')
10 SYSTEMPATH\CodeIgniter.php(951): App\Controllers\AuthController->attemptLogin()
11 SYSTEMPATH\CodeIgniter.php(497): CodeIgniter\CodeIgniter->runController(Object(App\Controllers\AuthController))
12 SYSTEMPATH\CodeIgniter.php(340): CodeIgniter\CodeIgniter->handleRequest(null, Object(Config\Cache), false)
13 SYSTEMPATH\Boot.php(417): CodeIgniter\CodeIgniter->run()
14 SYSTEMPATH\Boot.php(68): CodeIgniter\Boot::runCodeIgniter(Object(CodeIgniter\CodeIgniter))
15 FCPATH\index.php(59): CodeIgniter\Boot::bootWeb(Object(Config\Paths))
16 SYSTEMPATH\rewrite.php(44): require_once('C:\\Users\\Usuario\\Desktop\\sistema\\Nueva-carpeta\\public\\index.php')
ERROR - 2026-04-22 13:21:48 --> Unknown column 'updated_at' in 'field list'
in SYSTEMPATH\Database\MySQLi\Connection.php on line 300.
 1 SYSTEMPATH\Database\MySQLi\Connection.php(300): mysqli->query('INSERT INTO `audit_logs` (`user_id`, `action`, `entity_type`, `entity_id`, `old_data`, `new_data`, `ip_address`, `user_agent`, `created_at`, `updated_at`) VALUES (\'1\', \'LOGIN\', \'usuarios\', \'1\', NULL, NULL, \'::1\', \'Mozilla/5.0 (Windows NT 10.0; Win64; x64) AppleWebKit/537.36 (KHTML, like Gecko) Chrome/147.0.0.0 Safari/537.36\', \'2026-04-22 13:21:48\', \'2026-04-22 13:21:48\')', 0)
 2 SYSTEMPATH\Database\BaseConnection.php(769): CodeIgniter\Database\MySQLi\Connection->execute('INSERT INTO `audit_logs` (`user_id`, `action`, `entity_type`, `entity_id`, `old_data`, `new_data`, `ip_address`, `user_agent`, `created_at`, `updated_at`) VALUES (\'1\', \'LOGIN\', \'usuarios\', \'1\', NULL, NULL, \'::1\', \'Mozilla/5.0 (Windows NT 10.0; Win64; x64) AppleWebKit/537.36 (KHTML, like Gecko) Chrome/147.0.0.0 Safari/537.36\', \'2026-04-22 13:21:48\', \'2026-04-22 13:21:48\')')
 3 SYSTEMPATH\Database\BaseConnection.php(686): CodeIgniter\Database\BaseConnection->simpleQuery('INSERT INTO `audit_logs` (`user_id`, `action`, `entity_type`, `entity_id`, `old_data`, `new_data`, `ip_address`, `user_agent`, `created_at`, `updated_at`) VALUES (\'1\', \'LOGIN\', \'usuarios\', \'1\', NULL, NULL, \'::1\', \'Mozilla/5.0 (Windows NT 10.0; Win64; x64) AppleWebKit/537.36 (KHTML, like Gecko) Chrome/147.0.0.0 Safari/537.36\', \'2026-04-22 13:21:48\', \'2026-04-22 13:21:48\')')
 4 SYSTEMPATH\Database\BaseBuilder.php(2345): CodeIgniter\Database\BaseConnection->query('INSERT INTO `audit_logs` (`user_id`, `action`, `entity_type`, `entity_id`, `old_data`, `new_data`, `ip_address`, `user_agent`, `created_at`, `updated_at`) VALUES (:user_id:, :action:, :entity_type:, :entity_id:, :old_data:, :new_data:, :ip_address:, :user_agent:, :created_at:, :updated_at:)', [...], false)
 5 SYSTEMPATH\Model.php(356): CodeIgniter\Database\BaseBuilder->insert()
 6 SYSTEMPATH\BaseModel.php(898): CodeIgniter\Model->doInsert([...])
 7 SYSTEMPATH\Model.php(665): CodeIgniter\BaseModel->insert([...], true)
 8 APPPATH\Models\AuditLogModel.php(31): CodeIgniter\Model->insert([...])
 9 APPPATH\Controllers\AuthController.php(124): App\Models\AuditLogModel->log('1', 'LOGIN', 'usuarios', '1')
10 SYSTEMPATH\CodeIgniter.php(951): App\Controllers\AuthController->attemptLogin()
11 SYSTEMPATH\CodeIgniter.php(497): CodeIgniter\CodeIgniter->runController(Object(App\Controllers\AuthController))
12 SYSTEMPATH\CodeIgniter.php(340): CodeIgniter\CodeIgniter->handleRequest(null, Object(Config\Cache), false)
13 SYSTEMPATH\Boot.php(417): CodeIgniter\CodeIgniter->run()
14 SYSTEMPATH\Boot.php(68): CodeIgniter\Boot::runCodeIgniter(Object(CodeIgniter\CodeIgniter))
15 FCPATH\index.php(59): CodeIgniter\Boot::bootWeb(Object(Config\Paths))
16 SYSTEMPATH\rewrite.php(44): require_once('C:\\Users\\Usuario\\Desktop\\sistema\\Nueva-carpeta\\public\\index.php')
CRITICAL - 2026-04-22 13:21:48 --> CodeIgniter\Database\Exceptions\DatabaseException: Unknown column 'updated_at' in 'field list'
[Method: POST, Route: login]
in SYSTEMPATH\Database\BaseConnection.php on line 724.
 1 SYSTEMPATH\Database\BaseBuilder.php(2345): CodeIgniter\Database\BaseConnection->query('INSERT INTO `audit_logs` (`user_id`, `action`, `entity_type`, `entity_id`, `old_data`, `new_data`, `ip_address`, `user_agent`, `created_at`, `updated_at`) VALUES (:user_id:, :action:, :entity_type:, :entity_id:, :old_data:, :new_data:, :ip_address:, :user_agent:, :created_at:, :updated_at:)', [...], false)
 2 SYSTEMPATH\Model.php(356): CodeIgniter\Database\BaseBuilder->insert()
 3 SYSTEMPATH\BaseModel.php(898): CodeIgniter\Model->doInsert([...])
 4 SYSTEMPATH\Model.php(665): CodeIgniter\BaseModel->insert([...], true)
 5 APPPATH\Models\AuditLogModel.php(31): CodeIgniter\Model->insert([...])
 6 APPPATH\Controllers\AuthController.php(124): App\Models\AuditLogModel->log('1', 'LOGIN', 'usuarios', '1')
 7 SYSTEMPATH\CodeIgniter.php(951): App\Controllers\AuthController->attemptLogin()
 8 SYSTEMPATH\CodeIgniter.php(497): CodeIgniter\CodeIgniter->runController(Object(App\Controllers\AuthController))
 9 SYSTEMPATH\CodeIgniter.php(340): CodeIgniter\CodeIgniter->handleRequest(null, Object(Config\Cache), false)
10 SYSTEMPATH\Boot.php(417): CodeIgniter\CodeIgniter->run()
11 SYSTEMPATH\Boot.php(68): CodeIgniter\Boot::runCodeIgniter(Object(CodeIgniter\CodeIgniter))
12 FCPATH\index.php(59): CodeIgniter\Boot::bootWeb(Object(Config\Paths))
13 SYSTEMPATH\rewrite.php(44): require_once('C:\\Users\\Usuario\\Desktop\\sistema\\Nueva-carpeta\\public\\index.php')
CRITICAL - 2026-04-22 13:21:48 --> [Caused by] CodeIgniter\Database\Exceptions\DatabaseException: Unknown column 'updated_at' in 'field list'
in SYSTEMPATH\Database\MySQLi\Connection.php on line 310.
 1 SYSTEMPATH\Database\BaseConnection.php(769): CodeIgniter\Database\MySQLi\Connection->execute('INSERT INTO `audit_logs` (`user_id`, `action`, `entity_type`, `entity_id`, `old_data`, `new_data`, `ip_address`, `user_agent`, `created_at`, `updated_at`) VALUES (\'1\', \'LOGIN\', \'usuarios\', \'1\', NULL, NULL, \'::1\', \'Mozilla/5.0 (Windows NT 10.0; Win64; x64) AppleWebKit/537.36 (KHTML, like Gecko) Chrome/147.0.0.0 Safari/537.36\', \'2026-04-22 13:21:48\', \'2026-04-22 13:21:48\')')
 2 SYSTEMPATH\Database\BaseConnection.php(686): CodeIgniter\Database\BaseConnection->simpleQuery('INSERT INTO `audit_logs` (`user_id`, `action`, `entity_type`, `entity_id`, `old_data`, `new_data`, `ip_address`, `user_agent`, `created_at`, `updated_at`) VALUES (\'1\', \'LOGIN\', \'usuarios\', \'1\', NULL, NULL, \'::1\', \'Mozilla/5.0 (Windows NT 10.0; Win64; x64) AppleWebKit/537.36 (KHTML, like Gecko) Chrome/147.0.0.0 Safari/537.36\', \'2026-04-22 13:21:48\', \'2026-04-22 13:21:48\')')
 3 SYSTEMPATH\Database\BaseBuilder.php(2345): CodeIgniter\Database\BaseConnection->query('INSERT INTO `audit_logs` (`user_id`, `action`, `entity_type`, `entity_id`, `old_data`, `new_data`, `ip_address`, `user_agent`, `created_at`, `updated_at`) VALUES (:user_id:, :action:, :entity_type:, :entity_id:, :old_data:, :new_data:, :ip_address:, :user_agent:, :created_at:, :updated_at:)', [...], false)
 4 SYSTEMPATH\Model.php(356): CodeIgniter\Database\BaseBuilder->insert()
 5 SYSTEMPATH\BaseModel.php(898): CodeIgniter\Model->doInsert([...])
 6 SYSTEMPATH\Model.php(665): CodeIgniter\BaseModel->insert([...], true)
 7 APPPATH\Models\AuditLogModel.php(31): CodeIgniter\Model->insert([...])
 8 APPPATH\Controllers\AuthController.php(124): App\Models\AuditLogModel->log('1', 'LOGIN', 'usuarios', '1')
 9 SYSTEMPATH\CodeIgniter.php(951): App\Controllers\AuthController->attemptLogin()
10 SYSTEMPATH\CodeIgniter.php(497): CodeIgniter\CodeIgniter->runController(Object(App\Controllers\AuthController))
11 SYSTEMPATH\CodeIgniter.php(340): CodeIgniter\CodeIgniter->handleRequest(null, Object(Config\Cache), false)
12 SYSTEMPATH\Boot.php(417): CodeIgniter\CodeIgniter->run()
13 SYSTEMPATH\Boot.php(68): CodeIgniter\Boot::runCodeIgniter(Object(CodeIgniter\CodeIgniter))
14 FCPATH\index.php(59): CodeIgniter\Boot::bootWeb(Object(Config\Paths))
15 SYSTEMPATH\rewrite.php(44): require_once('C:\\Users\\Usuario\\Desktop\\sistema\\Nueva-carpeta\\public\\index.php')
CRITICAL - 2026-04-22 13:21:48 --> [Caused by] mysqli_sql_exception: Unknown column 'updated_at' in 'field list'
in SYSTEMPATH\Database\MySQLi\Connection.php on line 300.
 1 SYSTEMPATH\Database\MySQLi\Connection.php(300): mysqli->query('INSERT INTO `audit_logs` (`user_id`, `action`, `entity_type`, `entity_id`, `old_data`, `new_data`, `ip_address`, `user_agent`, `created_at`, `updated_at`) VALUES (\'1\', \'LOGIN\', \'usuarios\', \'1\', NULL, NULL, \'::1\', \'Mozilla/5.0 (Windows NT 10.0; Win64; x64) AppleWebKit/537.36 (KHTML, like Gecko) Chrome/147.0.0.0 Safari/537.36\', \'2026-04-22 13:21:48\', \'2026-04-22 13:21:48\')', 0)
 2 SYSTEMPATH\Database\BaseConnection.php(769): CodeIgniter\Database\MySQLi\Connection->execute('INSERT INTO `audit_logs` (`user_id`, `action`, `entity_type`, `entity_id`, `old_data`, `new_data`, `ip_address`, `user_agent`, `created_at`, `updated_at`) VALUES (\'1\', \'LOGIN\', \'usuarios\', \'1\', NULL, NULL, \'::1\', \'Mozilla/5.0 (Windows NT 10.0; Win64; x64) AppleWebKit/537.36 (KHTML, like Gecko) Chrome/147.0.0.0 Safari/537.36\', \'2026-04-22 13:21:48\', \'2026-04-22 13:21:48\')')
 3 SYSTEMPATH\Database\BaseConnection.php(686): CodeIgniter\Database\BaseConnection->simpleQuery('INSERT INTO `audit_logs` (`user_id`, `action`, `entity_type`, `entity_id`, `old_data`, `new_data`, `ip_address`, `user_agent`, `created_at`, `updated_at`) VALUES (\'1\', \'LOGIN\', \'usuarios\', \'1\', NULL, NULL, \'::1\', \'Mozilla/5.0 (Windows NT 10.0; Win64; x64) AppleWebKit/537.36 (KHTML, like Gecko) Chrome/147.0.0.0 Safari/537.36\', \'2026-04-22 13:21:48\', \'2026-04-22 13:21:48\')')
 4 SYSTEMPATH\Database\BaseBuilder.php(2345): CodeIgniter\Database\BaseConnection->query('INSERT INTO `audit_logs` (`user_id`, `action`, `entity_type`, `entity_id`, `old_data`, `new_data`, `ip_address`, `user_agent`, `created_at`, `updated_at`) VALUES (:user_id:, :action:, :entity_type:, :entity_id:, :old_data:, :new_data:, :ip_address:, :user_agent:, :created_at:, :updated_at:)', [...], false)
 5 SYSTEMPATH\Model.php(356): CodeIgniter\Database\BaseBuilder->insert()
 6 SYSTEMPATH\BaseModel.php(898): CodeIgniter\Model->doInsert([...])
 7 SYSTEMPATH\Model.php(665): CodeIgniter\BaseModel->insert([...], true)
 8 APPPATH\Models\AuditLogModel.php(31): CodeIgniter\Model->insert([...])
 9 APPPATH\Controllers\AuthController.php(124): App\Models\AuditLogModel->log('1', 'LOGIN', 'usuarios', '1')
10 SYSTEMPATH\CodeIgniter.php(951): App\Controllers\AuthController->attemptLogin()
11 SYSTEMPATH\CodeIgniter.php(497): CodeIgniter\CodeIgniter->runController(Object(App\Controllers\AuthController))
12 SYSTEMPATH\CodeIgniter.php(340): CodeIgniter\CodeIgniter->handleRequest(null, Object(Config\Cache), false)
13 SYSTEMPATH\Boot.php(417): CodeIgniter\CodeIgniter->run()
14 SYSTEMPATH\Boot.php(68): CodeIgniter\Boot::runCodeIgniter(Object(CodeIgniter\CodeIgniter))
15 FCPATH\index.php(59): CodeIgniter\Boot::bootWeb(Object(Config\Paths))
16 SYSTEMPATH\rewrite.php(44): require_once('C:\\Users\\Usuario\\Desktop\\sistema\\Nueva-carpeta\\public\\index.php')
ERROR - 2026-04-22 13:23:14 --> Unknown column 'updated_at' in 'field list'
in SYSTEMPATH\Database\MySQLi\Connection.php on line 300.
 1 SYSTEMPATH\Database\MySQLi\Connection.php(300): mysqli->query('INSERT INTO `audit_logs` (`user_id`, `action`, `entity_type`, `entity_id`, `old_data`, `new_data`, `ip_address`, `user_agent`, `created_at`, `updated_at`) VALUES (\'1\', \'LOGIN\', \'usuarios\', \'1\', NULL, NULL, \'::1\', \'Mozilla/5.0 (Windows NT 10.0; Win64; x64) AppleWebKit/537.36 (KHTML, like Gecko) Chrome/147.0.0.0 Safari/537.36\', \'2026-04-22 13:23:14\', \'2026-04-22 13:23:14\')', 0)
 2 SYSTEMPATH\Database\BaseConnection.php(769): CodeIgniter\Database\MySQLi\Connection->execute('INSERT INTO `audit_logs` (`user_id`, `action`, `entity_type`, `entity_id`, `old_data`, `new_data`, `ip_address`, `user_agent`, `created_at`, `updated_at`) VALUES (\'1\', \'LOGIN\', \'usuarios\', \'1\', NULL, NULL, \'::1\', \'Mozilla/5.0 (Windows NT 10.0; Win64; x64) AppleWebKit/537.36 (KHTML, like Gecko) Chrome/147.0.0.0 Safari/537.36\', \'2026-04-22 13:23:14\', \'2026-04-22 13:23:14\')')
 3 SYSTEMPATH\Database\BaseConnection.php(686): CodeIgniter\Database\BaseConnection->simpleQuery('INSERT INTO `audit_logs` (`user_id`, `action`, `entity_type`, `entity_id`, `old_data`, `new_data`, `ip_address`, `user_agent`, `created_at`, `updated_at`) VALUES (\'1\', \'LOGIN\', \'usuarios\', \'1\', NULL, NULL, \'::1\', \'Mozilla/5.0 (Windows NT 10.0; Win64; x64) AppleWebKit/537.36 (KHTML, like Gecko) Chrome/147.0.0.0 Safari/537.36\', \'2026-04-22 13:23:14\', \'2026-04-22 13:23:14\')')
 4 SYSTEMPATH\Database\BaseBuilder.php(2345): CodeIgniter\Database\BaseConnection->query('INSERT INTO `audit_logs` (`user_id`, `action`, `entity_type`, `entity_id`, `old_data`, `new_data`, `ip_address`, `user_agent`, `created_at`, `updated_at`) VALUES (:user_id:, :action:, :entity_type:, :entity_id:, :old_data:, :new_data:, :ip_address:, :user_agent:, :created_at:, :updated_at:)', [...], false)
 5 SYSTEMPATH\Model.php(356): CodeIgniter\Database\BaseBuilder->insert()
 6 SYSTEMPATH\BaseModel.php(898): CodeIgniter\Model->doInsert([...])
 7 SYSTEMPATH\Model.php(665): CodeIgniter\BaseModel->insert([...], true)
 8 APPPATH\Models\AuditLogModel.php(31): CodeIgniter\Model->insert([...])
 9 APPPATH\Controllers\AuthController.php(124): App\Models\AuditLogModel->log('1', 'LOGIN', 'usuarios', '1')
10 SYSTEMPATH\CodeIgniter.php(951): App\Controllers\AuthController->attemptLogin()
11 SYSTEMPATH\CodeIgniter.php(497): CodeIgniter\CodeIgniter->runController(Object(App\Controllers\AuthController))
12 SYSTEMPATH\CodeIgniter.php(340): CodeIgniter\CodeIgniter->handleRequest(null, Object(Config\Cache), false)
13 SYSTEMPATH\Boot.php(417): CodeIgniter\CodeIgniter->run()
14 SYSTEMPATH\Boot.php(68): CodeIgniter\Boot::runCodeIgniter(Object(CodeIgniter\CodeIgniter))
15 FCPATH\index.php(59): CodeIgniter\Boot::bootWeb(Object(Config\Paths))
16 SYSTEMPATH\rewrite.php(44): require_once('C:\\Users\\Usuario\\Desktop\\sistema\\Nueva-carpeta\\public\\index.php')
CRITICAL - 2026-04-22 13:23:14 --> CodeIgniter\Database\Exceptions\DatabaseException: Unknown column 'updated_at' in 'field list'
[Method: POST, Route: login]
in SYSTEMPATH\Database\BaseConnection.php on line 724.
 1 SYSTEMPATH\Database\BaseBuilder.php(2345): CodeIgniter\Database\BaseConnection->query('INSERT INTO `audit_logs` (`user_id`, `action`, `entity_type`, `entity_id`, `old_data`, `new_data`, `ip_address`, `user_agent`, `created_at`, `updated_at`) VALUES (:user_id:, :action:, :entity_type:, :entity_id:, :old_data:, :new_data:, :ip_address:, :user_agent:, :created_at:, :updated_at:)', [...], false)
 2 SYSTEMPATH\Model.php(356): CodeIgniter\Database\BaseBuilder->insert()
 3 SYSTEMPATH\BaseModel.php(898): CodeIgniter\Model->doInsert([...])
 4 SYSTEMPATH\Model.php(665): CodeIgniter\BaseModel->insert([...], true)
 5 APPPATH\Models\AuditLogModel.php(31): CodeIgniter\Model->insert([...])
 6 APPPATH\Controllers\AuthController.php(124): App\Models\AuditLogModel->log('1', 'LOGIN', 'usuarios', '1')
 7 SYSTEMPATH\CodeIgniter.php(951): App\Controllers\AuthController->attemptLogin()
 8 SYSTEMPATH\CodeIgniter.php(497): CodeIgniter\CodeIgniter->runController(Object(App\Controllers\AuthController))
 9 SYSTEMPATH\CodeIgniter.php(340): CodeIgniter\CodeIgniter->handleRequest(null, Object(Config\Cache), false)
10 SYSTEMPATH\Boot.php(417): CodeIgniter\CodeIgniter->run()
11 SYSTEMPATH\Boot.php(68): CodeIgniter\Boot::runCodeIgniter(Object(CodeIgniter\CodeIgniter))
12 FCPATH\index.php(59): CodeIgniter\Boot::bootWeb(Object(Config\Paths))
13 SYSTEMPATH\rewrite.php(44): require_once('C:\\Users\\Usuario\\Desktop\\sistema\\Nueva-carpeta\\public\\index.php')
CRITICAL - 2026-04-22 13:23:14 --> [Caused by] CodeIgniter\Database\Exceptions\DatabaseException: Unknown column 'updated_at' in 'field list'
in SYSTEMPATH\Database\MySQLi\Connection.php on line 310.
 1 SYSTEMPATH\Database\BaseConnection.php(769): CodeIgniter\Database\MySQLi\Connection->execute('INSERT INTO `audit_logs` (`user_id`, `action`, `entity_type`, `entity_id`, `old_data`, `new_data`, `ip_address`, `user_agent`, `created_at`, `updated_at`) VALUES (\'1\', \'LOGIN\', \'usuarios\', \'1\', NULL, NULL, \'::1\', \'Mozilla/5.0 (Windows NT 10.0; Win64; x64) AppleWebKit/537.36 (KHTML, like Gecko) Chrome/147.0.0.0 Safari/537.36\', \'2026-04-22 13:23:14\', \'2026-04-22 13:23:14\')')
 2 SYSTEMPATH\Database\BaseConnection.php(686): CodeIgniter\Database\BaseConnection->simpleQuery('INSERT INTO `audit_logs` (`user_id`, `action`, `entity_type`, `entity_id`, `old_data`, `new_data`, `ip_address`, `user_agent`, `created_at`, `updated_at`) VALUES (\'1\', \'LOGIN\', \'usuarios\', \'1\', NULL, NULL, \'::1\', \'Mozilla/5.0 (Windows NT 10.0; Win64; x64) AppleWebKit/537.36 (KHTML, like Gecko) Chrome/147.0.0.0 Safari/537.36\', \'2026-04-22 13:23:14\', \'2026-04-22 13:23:14\')')
 3 SYSTEMPATH\Database\BaseBuilder.php(2345): CodeIgniter\Database\BaseConnection->query('INSERT INTO `audit_logs` (`user_id`, `action`, `entity_type`, `entity_id`, `old_data`, `new_data`, `ip_address`, `user_agent`, `created_at`, `updated_at`) VALUES (:user_id:, :action:, :entity_type:, :entity_id:, :old_data:, :new_data:, :ip_address:, :user_agent:, :created_at:, :updated_at:)', [...], false)
 4 SYSTEMPATH\Model.php(356): CodeIgniter\Database\BaseBuilder->insert()
 5 SYSTEMPATH\BaseModel.php(898): CodeIgniter\Model->doInsert([...])
 6 SYSTEMPATH\Model.php(665): CodeIgniter\BaseModel->insert([...], true)
 7 APPPATH\Models\AuditLogModel.php(31): CodeIgniter\Model->insert([...])
 8 APPPATH\Controllers\AuthController.php(124): App\Models\AuditLogModel->log('1', 'LOGIN', 'usuarios', '1')
 9 SYSTEMPATH\CodeIgniter.php(951): App\Controllers\AuthController->attemptLogin()
10 SYSTEMPATH\CodeIgniter.php(497): CodeIgniter\CodeIgniter->runController(Object(App\Controllers\AuthController))
11 SYSTEMPATH\CodeIgniter.php(340): CodeIgniter\CodeIgniter->handleRequest(null, Object(Config\Cache), false)
12 SYSTEMPATH\Boot.php(417): CodeIgniter\CodeIgniter->run()
13 SYSTEMPATH\Boot.php(68): CodeIgniter\Boot::runCodeIgniter(Object(CodeIgniter\CodeIgniter))
14 FCPATH\index.php(59): CodeIgniter\Boot::bootWeb(Object(Config\Paths))
15 SYSTEMPATH\rewrite.php(44): require_once('C:\\Users\\Usuario\\Desktop\\sistema\\Nueva-carpeta\\public\\index.php')
CRITICAL - 2026-04-22 13:23:14 --> [Caused by] mysqli_sql_exception: Unknown column 'updated_at' in 'field list'
in SYSTEMPATH\Database\MySQLi\Connection.php on line 300.
 1 SYSTEMPATH\Database\MySQLi\Connection.php(300): mysqli->query('INSERT INTO `audit_logs` (`user_id`, `action`, `entity_type`, `entity_id`, `old_data`, `new_data`, `ip_address`, `user_agent`, `created_at`, `updated_at`) VALUES (\'1\', \'LOGIN\', \'usuarios\', \'1\', NULL, NULL, \'::1\', \'Mozilla/5.0 (Windows NT 10.0; Win64; x64) AppleWebKit/537.36 (KHTML, like Gecko) Chrome/147.0.0.0 Safari/537.36\', \'2026-04-22 13:23:14\', \'2026-04-22 13:23:14\')', 0)
 2 SYSTEMPATH\Database\BaseConnection.php(769): CodeIgniter\Database\MySQLi\Connection->execute('INSERT INTO `audit_logs` (`user_id`, `action`, `entity_type`, `entity_id`, `old_data`, `new_data`, `ip_address`, `user_agent`, `created_at`, `updated_at`) VALUES (\'1\', \'LOGIN\', \'usuarios\', \'1\', NULL, NULL, \'::1\', \'Mozilla/5.0 (Windows NT 10.0; Win64; x64) AppleWebKit/537.36 (KHTML, like Gecko) Chrome/147.0.0.0 Safari/537.36\', \'2026-04-22 13:23:14\', \'2026-04-22 13:23:14\')')
 3 SYSTEMPATH\Database\BaseConnection.php(686): CodeIgniter\Database\BaseConnection->simpleQuery('INSERT INTO `audit_logs` (`user_id`, `action`, `entity_type`, `entity_id`, `old_data`, `new_data`, `ip_address`, `user_agent`, `created_at`, `updated_at`) VALUES (\'1\', \'LOGIN\', \'usuarios\', \'1\', NULL, NULL, \'::1\', \'Mozilla/5.0 (Windows NT 10.0; Win64; x64) AppleWebKit/537.36 (KHTML, like Gecko) Chrome/147.0.0.0 Safari/537.36\', \'2026-04-22 13:23:14\', \'2026-04-22 13:23:14\')')
 4 SYSTEMPATH\Database\BaseBuilder.php(2345): CodeIgniter\Database\BaseConnection->query('INSERT INTO `audit_logs` (`user_id`, `action`, `entity_type`, `entity_id`, `old_data`, `new_data`, `ip_address`, `user_agent`, `created_at`, `updated_at`) VALUES (:user_id:, :action:, :entity_type:, :entity_id:, :old_data:, :new_data:, :ip_address:, :user_agent:, :created_at:, :updated_at:)', [...], false)
 5 SYSTEMPATH\Model.php(356): CodeIgniter\Database\BaseBuilder->insert()
 6 SYSTEMPATH\BaseModel.php(898): CodeIgniter\Model->doInsert([...])
 7 SYSTEMPATH\Model.php(665): CodeIgniter\BaseModel->insert([...], true)
 8 APPPATH\Models\AuditLogModel.php(31): CodeIgniter\Model->insert([...])
 9 APPPATH\Controllers\AuthController.php(124): App\Models\AuditLogModel->log('1', 'LOGIN', 'usuarios', '1')
10 SYSTEMPATH\CodeIgniter.php(951): App\Controllers\AuthController->attemptLogin()
11 SYSTEMPATH\CodeIgniter.php(497): CodeIgniter\CodeIgniter->runController(Object(App\Controllers\AuthController))
12 SYSTEMPATH\CodeIgniter.php(340): CodeIgniter\CodeIgniter->handleRequest(null, Object(Config\Cache), false)
13 SYSTEMPATH\Boot.php(417): CodeIgniter\CodeIgniter->run()
14 SYSTEMPATH\Boot.php(68): CodeIgniter\Boot::runCodeIgniter(Object(CodeIgniter\CodeIgniter))
15 FCPATH\index.php(59): CodeIgniter\Boot::bootWeb(Object(Config\Paths))
16 SYSTEMPATH\rewrite.php(44): require_once('C:\\Users\\Usuario\\Desktop\\sistema\\Nueva-carpeta\\public\\index.php')
ERROR - 2026-04-22 13:25:53 --> Unknown column 'updated_at' in 'field list'
in SYSTEMPATH\Database\MySQLi\Connection.php on line 300.
 1 SYSTEMPATH\Database\MySQLi\Connection.php(300): mysqli->query('INSERT INTO `audit_logs` (`user_id`, `action`, `entity_type`, `entity_id`, `old_data`, `new_data`, `ip_address`, `user_agent`, `created_at`, `updated_at`) VALUES (\'1\', \'LOGIN\', \'usuarios\', \'1\', NULL, NULL, \'::1\', \'Mozilla/5.0 (Windows NT 10.0; Win64; x64) AppleWebKit/537.36 (KHTML, like Gecko) Chrome/147.0.0.0 Safari/537.36\', \'2026-04-22 13:25:53\', \'2026-04-22 13:25:53\')', 0)
 2 SYSTEMPATH\Database\BaseConnection.php(769): CodeIgniter\Database\MySQLi\Connection->execute('INSERT INTO `audit_logs` (`user_id`, `action`, `entity_type`, `entity_id`, `old_data`, `new_data`, `ip_address`, `user_agent`, `created_at`, `updated_at`) VALUES (\'1\', \'LOGIN\', \'usuarios\', \'1\', NULL, NULL, \'::1\', \'Mozilla/5.0 (Windows NT 10.0; Win64; x64) AppleWebKit/537.36 (KHTML, like Gecko) Chrome/147.0.0.0 Safari/537.36\', \'2026-04-22 13:25:53\', \'2026-04-22 13:25:53\')')
 3 SYSTEMPATH\Database\BaseConnection.php(686): CodeIgniter\Database\BaseConnection->simpleQuery('INSERT INTO `audit_logs` (`user_id`, `action`, `entity_type`, `entity_id`, `old_data`, `new_data`, `ip_address`, `user_agent`, `created_at`, `updated_at`) VALUES (\'1\', \'LOGIN\', \'usuarios\', \'1\', NULL, NULL, \'::1\', \'Mozilla/5.0 (Windows NT 10.0; Win64; x64) AppleWebKit/537.36 (KHTML, like Gecko) Chrome/147.0.0.0 Safari/537.36\', \'2026-04-22 13:25:53\', \'2026-04-22 13:25:53\')')
 4 SYSTEMPATH\Database\BaseBuilder.php(2345): CodeIgniter\Database\BaseConnection->query('INSERT INTO `audit_logs` (`user_id`, `action`, `entity_type`, `entity_id`, `old_data`, `new_data`, `ip_address`, `user_agent`, `created_at`, `updated_at`) VALUES (:user_id:, :action:, :entity_type:, :entity_id:, :old_data:, :new_data:, :ip_address:, :user_agent:, :created_at:, :updated_at:)', [...], false)
 5 SYSTEMPATH\Model.php(356): CodeIgniter\Database\BaseBuilder->insert()
 6 SYSTEMPATH\BaseModel.php(898): CodeIgniter\Model->doInsert([...])
 7 SYSTEMPATH\Model.php(665): CodeIgniter\BaseModel->insert([...], true)
 8 APPPATH\Models\AuditLogModel.php(31): CodeIgniter\Model->insert([...])
 9 APPPATH\Controllers\AuthController.php(124): App\Models\AuditLogModel->log('1', 'LOGIN', 'usuarios', '1')
10 SYSTEMPATH\CodeIgniter.php(951): App\Controllers\AuthController->attemptLogin()
11 SYSTEMPATH\CodeIgniter.php(497): CodeIgniter\CodeIgniter->runController(Object(App\Controllers\AuthController))
12 SYSTEMPATH\CodeIgniter.php(340): CodeIgniter\CodeIgniter->handleRequest(null, Object(Config\Cache), false)
13 SYSTEMPATH\Boot.php(417): CodeIgniter\CodeIgniter->run()
14 SYSTEMPATH\Boot.php(68): CodeIgniter\Boot::runCodeIgniter(Object(CodeIgniter\CodeIgniter))
15 FCPATH\index.php(59): CodeIgniter\Boot::bootWeb(Object(Config\Paths))
16 SYSTEMPATH\rewrite.php(44): require_once('C:\\Users\\Usuario\\Desktop\\sistema\\Nueva-carpeta\\public\\index.php')
CRITICAL - 2026-04-22 13:25:53 --> CodeIgniter\Database\Exceptions\DatabaseException: Unknown column 'updated_at' in 'field list'
[Method: POST, Route: login]
in SYSTEMPATH\Database\BaseConnection.php on line 724.
 1 SYSTEMPATH\Database\BaseBuilder.php(2345): CodeIgniter\Database\BaseConnection->query('INSERT INTO `audit_logs` (`user_id`, `action`, `entity_type`, `entity_id`, `old_data`, `new_data`, `ip_address`, `user_agent`, `created_at`, `updated_at`) VALUES (:user_id:, :action:, :entity_type:, :entity_id:, :old_data:, :new_data:, :ip_address:, :user_agent:, :created_at:, :updated_at:)', [...], false)
 2 SYSTEMPATH\Model.php(356): CodeIgniter\Database\BaseBuilder->insert()
 3 SYSTEMPATH\BaseModel.php(898): CodeIgniter\Model->doInsert([...])
 4 SYSTEMPATH\Model.php(665): CodeIgniter\BaseModel->insert([...], true)
 5 APPPATH\Models\AuditLogModel.php(31): CodeIgniter\Model->insert([...])
 6 APPPATH\Controllers\AuthController.php(124): App\Models\AuditLogModel->log('1', 'LOGIN', 'usuarios', '1')
 7 SYSTEMPATH\CodeIgniter.php(951): App\Controllers\AuthController->attemptLogin()
 8 SYSTEMPATH\CodeIgniter.php(497): CodeIgniter\CodeIgniter->runController(Object(App\Controllers\AuthController))
 9 SYSTEMPATH\CodeIgniter.php(340): CodeIgniter\CodeIgniter->handleRequest(null, Object(Config\Cache), false)
10 SYSTEMPATH\Boot.php(417): CodeIgniter\CodeIgniter->run()
11 SYSTEMPATH\Boot.php(68): CodeIgniter\Boot::runCodeIgniter(Object(CodeIgniter\CodeIgniter))
12 FCPATH\index.php(59): CodeIgniter\Boot::bootWeb(Object(Config\Paths))
13 SYSTEMPATH\rewrite.php(44): require_once('C:\\Users\\Usuario\\Desktop\\sistema\\Nueva-carpeta\\public\\index.php')
CRITICAL - 2026-04-22 13:25:53 --> [Caused by] CodeIgniter\Database\Exceptions\DatabaseException: Unknown column 'updated_at' in 'field list'
in SYSTEMPATH\Database\MySQLi\Connection.php on line 310.
 1 SYSTEMPATH\Database\BaseConnection.php(769): CodeIgniter\Database\MySQLi\Connection->execute('INSERT INTO `audit_logs` (`user_id`, `action`, `entity_type`, `entity_id`, `old_data`, `new_data`, `ip_address`, `user_agent`, `created_at`, `updated_at`) VALUES (\'1\', \'LOGIN\', \'usuarios\', \'1\', NULL, NULL, \'::1\', \'Mozilla/5.0 (Windows NT 10.0; Win64; x64) AppleWebKit/537.36 (KHTML, like Gecko) Chrome/147.0.0.0 Safari/537.36\', \'2026-04-22 13:25:53\', \'2026-04-22 13:25:53\')')
 2 SYSTEMPATH\Database\BaseConnection.php(686): CodeIgniter\Database\BaseConnection->simpleQuery('INSERT INTO `audit_logs` (`user_id`, `action`, `entity_type`, `entity_id`, `old_data`, `new_data`, `ip_address`, `user_agent`, `created_at`, `updated_at`) VALUES (\'1\', \'LOGIN\', \'usuarios\', \'1\', NULL, NULL, \'::1\', \'Mozilla/5.0 (Windows NT 10.0; Win64; x64) AppleWebKit/537.36 (KHTML, like Gecko) Chrome/147.0.0.0 Safari/537.36\', \'2026-04-22 13:25:53\', \'2026-04-22 13:25:53\')')
 3 SYSTEMPATH\Database\BaseBuilder.php(2345): CodeIgniter\Database\BaseConnection->query('INSERT INTO `audit_logs` (`user_id`, `action`, `entity_type`, `entity_id`, `old_data`, `new_data`, `ip_address`, `user_agent`, `created_at`, `updated_at`) VALUES (:user_id:, :action:, :entity_type:, :entity_id:, :old_data:, :new_data:, :ip_address:, :user_agent:, :created_at:, :updated_at:)', [...], false)
 4 SYSTEMPATH\Model.php(356): CodeIgniter\Database\BaseBuilder->insert()
 5 SYSTEMPATH\BaseModel.php(898): CodeIgniter\Model->doInsert([...])
 6 SYSTEMPATH\Model.php(665): CodeIgniter\BaseModel->insert([...], true)
 7 APPPATH\Models\AuditLogModel.php(31): CodeIgniter\Model->insert([...])
 8 APPPATH\Controllers\AuthController.php(124): App\Models\AuditLogModel->log('1', 'LOGIN', 'usuarios', '1')
 9 SYSTEMPATH\CodeIgniter.php(951): App\Controllers\AuthController->attemptLogin()
10 SYSTEMPATH\CodeIgniter.php(497): CodeIgniter\CodeIgniter->runController(Object(App\Controllers\AuthController))
11 SYSTEMPATH\CodeIgniter.php(340): CodeIgniter\CodeIgniter->handleRequest(null, Object(Config\Cache), false)
12 SYSTEMPATH\Boot.php(417): CodeIgniter\CodeIgniter->run()
13 SYSTEMPATH\Boot.php(68): CodeIgniter\Boot::runCodeIgniter(Object(CodeIgniter\CodeIgniter))
14 FCPATH\index.php(59): CodeIgniter\Boot::bootWeb(Object(Config\Paths))
15 SYSTEMPATH\rewrite.php(44): require_once('C:\\Users\\Usuario\\Desktop\\sistema\\Nueva-carpeta\\public\\index.php')
CRITICAL - 2026-04-22 13:25:53 --> [Caused by] mysqli_sql_exception: Unknown column 'updated_at' in 'field list'
in SYSTEMPATH\Database\MySQLi\Connection.php on line 300.
 1 SYSTEMPATH\Database\MySQLi\Connection.php(300): mysqli->query('INSERT INTO `audit_logs` (`user_id`, `action`, `entity_type`, `entity_id`, `old_data`, `new_data`, `ip_address`, `user_agent`, `created_at`, `updated_at`) VALUES (\'1\', \'LOGIN\', \'usuarios\', \'1\', NULL, NULL, \'::1\', \'Mozilla/5.0 (Windows NT 10.0; Win64; x64) AppleWebKit/537.36 (KHTML, like Gecko) Chrome/147.0.0.0 Safari/537.36\', \'2026-04-22 13:25:53\', \'2026-04-22 13:25:53\')', 0)
 2 SYSTEMPATH\Database\BaseConnection.php(769): CodeIgniter\Database\MySQLi\Connection->execute('INSERT INTO `audit_logs` (`user_id`, `action`, `entity_type`, `entity_id`, `old_data`, `new_data`, `ip_address`, `user_agent`, `created_at`, `updated_at`) VALUES (\'1\', \'LOGIN\', \'usuarios\', \'1\', NULL, NULL, \'::1\', \'Mozilla/5.0 (Windows NT 10.0; Win64; x64) AppleWebKit/537.36 (KHTML, like Gecko) Chrome/147.0.0.0 Safari/537.36\', \'2026-04-22 13:25:53\', \'2026-04-22 13:25:53\')')
 3 SYSTEMPATH\Database\BaseConnection.php(686): CodeIgniter\Database\BaseConnection->simpleQuery('INSERT INTO `audit_logs` (`user_id`, `action`, `entity_type`, `entity_id`, `old_data`, `new_data`, `ip_address`, `user_agent`, `created_at`, `updated_at`) VALUES (\'1\', \'LOGIN\', \'usuarios\', \'1\', NULL, NULL, \'::1\', \'Mozilla/5.0 (Windows NT 10.0; Win64; x64) AppleWebKit/537.36 (KHTML, like Gecko) Chrome/147.0.0.0 Safari/537.36\', \'2026-04-22 13:25:53\', \'2026-04-22 13:25:53\')')
 4 SYSTEMPATH\Database\BaseBuilder.php(2345): CodeIgniter\Database\BaseConnection->query('INSERT INTO `audit_logs` (`user_id`, `action`, `entity_type`, `entity_id`, `old_data`, `new_data`, `ip_address`, `user_agent`, `created_at`, `updated_at`) VALUES (:user_id:, :action:, :entity_type:, :entity_id:, :old_data:, :new_data:, :ip_address:, :user_agent:, :created_at:, :updated_at:)', [...], false)
 5 SYSTEMPATH\Model.php(356): CodeIgniter\Database\BaseBuilder->insert()
 6 SYSTEMPATH\BaseModel.php(898): CodeIgniter\Model->doInsert([...])
 7 SYSTEMPATH\Model.php(665): CodeIgniter\BaseModel->insert([...], true)
 8 APPPATH\Models\AuditLogModel.php(31): CodeIgniter\Model->insert([...])
 9 APPPATH\Controllers\AuthController.php(124): App\Models\AuditLogModel->log('1', 'LOGIN', 'usuarios', '1')
10 SYSTEMPATH\CodeIgniter.php(951): App\Controllers\AuthController->attemptLogin()
11 SYSTEMPATH\CodeIgniter.php(497): CodeIgniter\CodeIgniter->runController(Object(App\Controllers\AuthController))
12 SYSTEMPATH\CodeIgniter.php(340): CodeIgniter\CodeIgniter->handleRequest(null, Object(Config\Cache), false)
13 SYSTEMPATH\Boot.php(417): CodeIgniter\CodeIgniter->run()
14 SYSTEMPATH\Boot.php(68): CodeIgniter\Boot::runCodeIgniter(Object(CodeIgniter\CodeIgniter))
15 FCPATH\index.php(59): CodeIgniter\Boot::bootWeb(Object(Config\Paths))
16 SYSTEMPATH\rewrite.php(44): require_once('C:\\Users\\Usuario\\Desktop\\sistema\\Nueva-carpeta\\public\\index.php')
ERROR - 2026-04-22 13:25:54 --> Unknown column 'updated_at' in 'field list'
in SYSTEMPATH\Database\MySQLi\Connection.php on line 300.
 1 SYSTEMPATH\Database\MySQLi\Connection.php(300): mysqli->query('INSERT INTO `audit_logs` (`user_id`, `action`, `entity_type`, `entity_id`, `old_data`, `new_data`, `ip_address`, `user_agent`, `created_at`, `updated_at`) VALUES (\'1\', \'LOGIN\', \'usuarios\', \'1\', NULL, NULL, \'::1\', \'Mozilla/5.0 (Windows NT 10.0; Win64; x64) AppleWebKit/537.36 (KHTML, like Gecko) Chrome/147.0.0.0 Safari/537.36\', \'2026-04-22 13:25:54\', \'2026-04-22 13:25:54\')', 0)
 2 SYSTEMPATH\Database\BaseConnection.php(769): CodeIgniter\Database\MySQLi\Connection->execute('INSERT INTO `audit_logs` (`user_id`, `action`, `entity_type`, `entity_id`, `old_data`, `new_data`, `ip_address`, `user_agent`, `created_at`, `updated_at`) VALUES (\'1\', \'LOGIN\', \'usuarios\', \'1\', NULL, NULL, \'::1\', \'Mozilla/5.0 (Windows NT 10.0; Win64; x64) AppleWebKit/537.36 (KHTML, like Gecko) Chrome/147.0.0.0 Safari/537.36\', \'2026-04-22 13:25:54\', \'2026-04-22 13:25:54\')')
 3 SYSTEMPATH\Database\BaseConnection.php(686): CodeIgniter\Database\BaseConnection->simpleQuery('INSERT INTO `audit_logs` (`user_id`, `action`, `entity_type`, `entity_id`, `old_data`, `new_data`, `ip_address`, `user_agent`, `created_at`, `updated_at`) VALUES (\'1\', \'LOGIN\', \'usuarios\', \'1\', NULL, NULL, \'::1\', \'Mozilla/5.0 (Windows NT 10.0; Win64; x64) AppleWebKit/537.36 (KHTML, like Gecko) Chrome/147.0.0.0 Safari/537.36\', \'2026-04-22 13:25:54\', \'2026-04-22 13:25:54\')')
 4 SYSTEMPATH\Database\BaseBuilder.php(2345): CodeIgniter\Database\BaseConnection->query('INSERT INTO `audit_logs` (`user_id`, `action`, `entity_type`, `entity_id`, `old_data`, `new_data`, `ip_address`, `user_agent`, `created_at`, `updated_at`) VALUES (:user_id:, :action:, :entity_type:, :entity_id:, :old_data:, :new_data:, :ip_address:, :user_agent:, :created_at:, :updated_at:)', [...], false)
 5 SYSTEMPATH\Model.php(356): CodeIgniter\Database\BaseBuilder->insert()
 6 SYSTEMPATH\BaseModel.php(898): CodeIgniter\Model->doInsert([...])
 7 SYSTEMPATH\Model.php(665): CodeIgniter\BaseModel->insert([...], true)
 8 APPPATH\Models\AuditLogModel.php(31): CodeIgniter\Model->insert([...])
 9 APPPATH\Controllers\AuthController.php(124): App\Models\AuditLogModel->log('1', 'LOGIN', 'usuarios', '1')
10 SYSTEMPATH\CodeIgniter.php(951): App\Controllers\AuthController->attemptLogin()
11 SYSTEMPATH\CodeIgniter.php(497): CodeIgniter\CodeIgniter->runController(Object(App\Controllers\AuthController))
12 SYSTEMPATH\CodeIgniter.php(340): CodeIgniter\CodeIgniter->handleRequest(null, Object(Config\Cache), false)
13 SYSTEMPATH\Boot.php(417): CodeIgniter\CodeIgniter->run()
14 SYSTEMPATH\Boot.php(68): CodeIgniter\Boot::runCodeIgniter(Object(CodeIgniter\CodeIgniter))
15 FCPATH\index.php(59): CodeIgniter\Boot::bootWeb(Object(Config\Paths))
16 SYSTEMPATH\rewrite.php(44): require_once('C:\\Users\\Usuario\\Desktop\\sistema\\Nueva-carpeta\\public\\index.php')
CRITICAL - 2026-04-22 13:25:54 --> CodeIgniter\Database\Exceptions\DatabaseException: Unknown column 'updated_at' in 'field list'
[Method: POST, Route: login]
in SYSTEMPATH\Database\BaseConnection.php on line 724.
 1 SYSTEMPATH\Database\BaseBuilder.php(2345): CodeIgniter\Database\BaseConnection->query('INSERT INTO `audit_logs` (`user_id`, `action`, `entity_type`, `entity_id`, `old_data`, `new_data`, `ip_address`, `user_agent`, `created_at`, `updated_at`) VALUES (:user_id:, :action:, :entity_type:, :entity_id:, :old_data:, :new_data:, :ip_address:, :user_agent:, :created_at:, :updated_at:)', [...], false)
 2 SYSTEMPATH\Model.php(356): CodeIgniter\Database\BaseBuilder->insert()
 3 SYSTEMPATH\BaseModel.php(898): CodeIgniter\Model->doInsert([...])
 4 SYSTEMPATH\Model.php(665): CodeIgniter\BaseModel->insert([...], true)
 5 APPPATH\Models\AuditLogModel.php(31): CodeIgniter\Model->insert([...])
 6 APPPATH\Controllers\AuthController.php(124): App\Models\AuditLogModel->log('1', 'LOGIN', 'usuarios', '1')
 7 SYSTEMPATH\CodeIgniter.php(951): App\Controllers\AuthController->attemptLogin()
 8 SYSTEMPATH\CodeIgniter.php(497): CodeIgniter\CodeIgniter->runController(Object(App\Controllers\AuthController))
 9 SYSTEMPATH\CodeIgniter.php(340): CodeIgniter\CodeIgniter->handleRequest(null, Object(Config\Cache), false)
10 SYSTEMPATH\Boot.php(417): CodeIgniter\CodeIgniter->run()
11 SYSTEMPATH\Boot.php(68): CodeIgniter\Boot::runCodeIgniter(Object(CodeIgniter\CodeIgniter))
12 FCPATH\index.php(59): CodeIgniter\Boot::bootWeb(Object(Config\Paths))
13 SYSTEMPATH\rewrite.php(44): require_once('C:\\Users\\Usuario\\Desktop\\sistema\\Nueva-carpeta\\public\\index.php')
CRITICAL - 2026-04-22 13:25:54 --> [Caused by] CodeIgniter\Database\Exceptions\DatabaseException: Unknown column 'updated_at' in 'field list'
in SYSTEMPATH\Database\MySQLi\Connection.php on line 310.
 1 SYSTEMPATH\Database\BaseConnection.php(769): CodeIgniter\Database\MySQLi\Connection->execute('INSERT INTO `audit_logs` (`user_id`, `action`, `entity_type`, `entity_id`, `old_data`, `new_data`, `ip_address`, `user_agent`, `created_at`, `updated_at`) VALUES (\'1\', \'LOGIN\', \'usuarios\', \'1\', NULL, NULL, \'::1\', \'Mozilla/5.0 (Windows NT 10.0; Win64; x64) AppleWebKit/537.36 (KHTML, like Gecko) Chrome/147.0.0.0 Safari/537.36\', \'2026-04-22 13:25:54\', \'2026-04-22 13:25:54\')')
 2 SYSTEMPATH\Database\BaseConnection.php(686): CodeIgniter\Database\BaseConnection->simpleQuery('INSERT INTO `audit_logs` (`user_id`, `action`, `entity_type`, `entity_id`, `old_data`, `new_data`, `ip_address`, `user_agent`, `created_at`, `updated_at`) VALUES (\'1\', \'LOGIN\', \'usuarios\', \'1\', NULL, NULL, \'::1\', \'Mozilla/5.0 (Windows NT 10.0; Win64; x64) AppleWebKit/537.36 (KHTML, like Gecko) Chrome/147.0.0.0 Safari/537.36\', \'2026-04-22 13:25:54\', \'2026-04-22 13:25:54\')')
 3 SYSTEMPATH\Database\BaseBuilder.php(2345): CodeIgniter\Database\BaseConnection->query('INSERT INTO `audit_logs` (`user_id`, `action`, `entity_type`, `entity_id`, `old_data`, `new_data`, `ip_address`, `user_agent`, `created_at`, `updated_at`) VALUES (:user_id:, :action:, :entity_type:, :entity_id:, :old_data:, :new_data:, :ip_address:, :user_agent:, :created_at:, :updated_at:)', [...], false)
 4 SYSTEMPATH\Model.php(356): CodeIgniter\Database\BaseBuilder->insert()
 5 SYSTEMPATH\BaseModel.php(898): CodeIgniter\Model->doInsert([...])
 6 SYSTEMPATH\Model.php(665): CodeIgniter\BaseModel->insert([...], true)
 7 APPPATH\Models\AuditLogModel.php(31): CodeIgniter\Model->insert([...])
 8 APPPATH\Controllers\AuthController.php(124): App\Models\AuditLogModel->log('1', 'LOGIN', 'usuarios', '1')
 9 SYSTEMPATH\CodeIgniter.php(951): App\Controllers\AuthController->attemptLogin()
10 SYSTEMPATH\CodeIgniter.php(497): CodeIgniter\CodeIgniter->runController(Object(App\Controllers\AuthController))
11 SYSTEMPATH\CodeIgniter.php(340): CodeIgniter\CodeIgniter->handleRequest(null, Object(Config\Cache), false)
12 SYSTEMPATH\Boot.php(417): CodeIgniter\CodeIgniter->run()
13 SYSTEMPATH\Boot.php(68): CodeIgniter\Boot::runCodeIgniter(Object(CodeIgniter\CodeIgniter))
14 FCPATH\index.php(59): CodeIgniter\Boot::bootWeb(Object(Config\Paths))
15 SYSTEMPATH\rewrite.php(44): require_once('C:\\Users\\Usuario\\Desktop\\sistema\\Nueva-carpeta\\public\\index.php')
CRITICAL - 2026-04-22 13:25:54 --> [Caused by] mysqli_sql_exception: Unknown column 'updated_at' in 'field list'
in SYSTEMPATH\Database\MySQLi\Connection.php on line 300.
 1 SYSTEMPATH\Database\MySQLi\Connection.php(300): mysqli->query('INSERT INTO `audit_logs` (`user_id`, `action`, `entity_type`, `entity_id`, `old_data`, `new_data`, `ip_address`, `user_agent`, `created_at`, `updated_at`) VALUES (\'1\', \'LOGIN\', \'usuarios\', \'1\', NULL, NULL, \'::1\', \'Mozilla/5.0 (Windows NT 10.0; Win64; x64) AppleWebKit/537.36 (KHTML, like Gecko) Chrome/147.0.0.0 Safari/537.36\', \'2026-04-22 13:25:54\', \'2026-04-22 13:25:54\')', 0)
 2 SYSTEMPATH\Database\BaseConnection.php(769): CodeIgniter\Database\MySQLi\Connection->execute('INSERT INTO `audit_logs` (`user_id`, `action`, `entity_type`, `entity_id`, `old_data`, `new_data`, `ip_address`, `user_agent`, `created_at`, `updated_at`) VALUES (\'1\', \'LOGIN\', \'usuarios\', \'1\', NULL, NULL, \'::1\', \'Mozilla/5.0 (Windows NT 10.0; Win64; x64) AppleWebKit/537.36 (KHTML, like Gecko) Chrome/147.0.0.0 Safari/537.36\', \'2026-04-22 13:25:54\', \'2026-04-22 13:25:54\')')
 3 SYSTEMPATH\Database\BaseConnection.php(686): CodeIgniter\Database\BaseConnection->simpleQuery('INSERT INTO `audit_logs` (`user_id`, `action`, `entity_type`, `entity_id`, `old_data`, `new_data`, `ip_address`, `user_agent`, `created_at`, `updated_at`) VALUES (\'1\', \'LOGIN\', \'usuarios\', \'1\', NULL, NULL, \'::1\', \'Mozilla/5.0 (Windows NT 10.0; Win64; x64) AppleWebKit/537.36 (KHTML, like Gecko) Chrome/147.0.0.0 Safari/537.36\', \'2026-04-22 13:25:54\', \'2026-04-22 13:25:54\')')
 4 SYSTEMPATH\Database\BaseBuilder.php(2345): CodeIgniter\Database\BaseConnection->query('INSERT INTO `audit_logs` (`user_id`, `action`, `entity_type`, `entity_id`, `old_data`, `new_data`, `ip_address`, `user_agent`, `created_at`, `updated_at`) VALUES (:user_id:, :action:, :entity_type:, :entity_id:, :old_data:, :new_data:, :ip_address:, :user_agent:, :created_at:, :updated_at:)', [...], false)
 5 SYSTEMPATH\Model.php(356): CodeIgniter\Database\BaseBuilder->insert()
 6 SYSTEMPATH\BaseModel.php(898): CodeIgniter\Model->doInsert([...])
 7 SYSTEMPATH\Model.php(665): CodeIgniter\BaseModel->insert([...], true)
 8 APPPATH\Models\AuditLogModel.php(31): CodeIgniter\Model->insert([...])
 9 APPPATH\Controllers\AuthController.php(124): App\Models\AuditLogModel->log('1', 'LOGIN', 'usuarios', '1')
10 SYSTEMPATH\CodeIgniter.php(951): App\Controllers\AuthController->attemptLogin()
11 SYSTEMPATH\CodeIgniter.php(497): CodeIgniter\CodeIgniter->runController(Object(App\Controllers\AuthController))
12 SYSTEMPATH\CodeIgniter.php(340): CodeIgniter\CodeIgniter->handleRequest(null, Object(Config\Cache), false)
13 SYSTEMPATH\Boot.php(417): CodeIgniter\CodeIgniter->run()
14 SYSTEMPATH\Boot.php(68): CodeIgniter\Boot::runCodeIgniter(Object(CodeIgniter\CodeIgniter))
15 FCPATH\index.php(59): CodeIgniter\Boot::bootWeb(Object(Config\Paths))
16 SYSTEMPATH\rewrite.php(44): require_once('C:\\Users\\Usuario\\Desktop\\sistema\\Nueva-carpeta\\public\\index.php')
ERROR - 2026-04-22 13:28:53 --> Duplicate column name 'updated_at'
in SYSTEMPATH\Database\MySQLi\Connection.php on line 300.
 1 SYSTEMPATH\Database\MySQLi\Connection.php(300): mysqli->query('ALTER TABLE `usuarios`
	ADD `updated_at` DATETIME NULL', 0)
 2 SYSTEMPATH\Database\BaseConnection.php(769): CodeIgniter\Database\MySQLi\Connection->execute('ALTER TABLE `usuarios`
	ADD `updated_at` DATETIME NULL')
 3 SYSTEMPATH\Database\BaseConnection.php(686): CodeIgniter\Database\BaseConnection->simpleQuery('ALTER TABLE `usuarios`
	ADD `updated_at` DATETIME NULL')
 4 SYSTEMPATH\Database\Forge.php(772): CodeIgniter\Database\BaseConnection->query('ALTER TABLE `usuarios`
	ADD `updated_at` DATETIME NULL')
 5 APPPATH\Database\Migrations\2024-01-01-000014_AddUpdatedAtToUsuarios.php(18): CodeIgniter\Database\Forge->addColumn('usuarios', [...])
 6 SYSTEMPATH\Database\MigrationRunner.php(1014): App\Database\Migrations\AddUpdatedAtToUsuarios->up()
 7 SYSTEMPATH\Database\MigrationRunner.php(202): CodeIgniter\Database\MigrationRunner->migrate('up', Object(stdClass))
 8 SYSTEMPATH\Commands\Database\Migrate.php(89): CodeIgniter\Database\MigrationRunner->latest(null)
 9 SYSTEMPATH\CLI\SignalTrait.php(245): CodeIgniter\Commands\Database\Migrate::CodeIgniter\Commands\Database\{closure}()
10 SYSTEMPATH\Commands\Database\Migrate.php(88): CodeIgniter\Commands\Database\Migrate->withSignalsBlocked(Object(Closure))
11 SYSTEMPATH\CLI\Commands.php(74): CodeIgniter\Commands\Database\Migrate->run([])
12 SYSTEMPATH\CLI\Console.php(47): CodeIgniter\CLI\Commands->run('migrate', [])
13 SYSTEMPATH\Boot.php(442): CodeIgniter\CLI\Console->run()
14 SYSTEMPATH\Boot.php(166): CodeIgniter\Boot::runCommand(Object(CodeIgniter\CLI\Console))
15 ROOTPATH\spark(87): CodeIgniter\Boot::bootSpark(Object(Config\Paths))
ERROR - 2026-04-22 13:41:54 --> Error updating persona: {"cedula":"Ya existe una persona registrada con esta c\u00e9dula"}
ERROR - 2026-04-22 13:42:49 --> Error updating persona: {"cedula":"Ya existe una persona registrada con esta c\u00e9dula"}
ERROR - 2026-04-22 13:43:02 --> Error updating persona: {"cedula":"Ya existe una persona registrada con esta c\u00e9dula"}
ERROR - 2026-04-22 13:43:50 --> Error updating persona: {"cedula":"Ya existe una persona registrada con esta c\u00e9dula"}
CRITICAL - 2026-04-22 13:49:50 --> CodeIgniter\Pager\Exceptions\PagerException: "bootstrap" is not a valid Pager template.
[Method: GET, Route: personas]
in SYSTEMPATH\Pager\Pager.php on line 124.
 1 SYSTEMPATH\Pager\Pager.php(124): CodeIgniter\Pager\Exceptions\PagerException::forInvalidTemplate('bootstrap')
 2 SYSTEMPATH\Pager\Pager.php(87): CodeIgniter\Pager\Pager->displayLinks('default', 'bootstrap')
 3 APPPATH\Views\personas\index.php(122): CodeIgniter\Pager\Pager->links('default', 'bootstrap')
 4 SYSTEMPATH\View\View.php(238): include('C:\\Users\\Usuario\\Desktop\\sistema\\Nueva-carpeta\\app\\Views\\personas\\index.php')
 5 SYSTEMPATH\View\View.php(241): CodeIgniter\View\View->CodeIgniter\View\{closure}()
 6 SYSTEMPATH\Common.php(1250): CodeIgniter\View\View->render('personas/index', [], true)
 7 APPPATH\Controllers\PersonaController.php(86): view('personas/index', [...])
 8 SYSTEMPATH\CodeIgniter.php(951): App\Controllers\PersonaController->index()
 9 SYSTEMPATH\CodeIgniter.php(497): CodeIgniter\CodeIgniter->runController(Object(App\Controllers\PersonaController))
10 SYSTEMPATH\CodeIgniter.php(340): CodeIgniter\CodeIgniter->handleRequest(null, Object(Config\Cache), false)
11 SYSTEMPATH\Boot.php(417): CodeIgniter\CodeIgniter->run()
12 SYSTEMPATH\Boot.php(68): CodeIgniter\Boot::runCodeIgniter(Object(CodeIgniter\CodeIgniter))
13 FCPATH\index.php(59): CodeIgniter\Boot::bootWeb(Object(Config\Paths))
14 SYSTEMPATH\rewrite.php(44): require_once('C:\\Users\\Usuario\\Desktop\\sistema\\Nueva-carpeta\\public\\index.php')
CRITICAL - 2026-04-22 13:49:52 --> CodeIgniter\Pager\Exceptions\PagerException: "bootstrap" is not a valid Pager template.
[Method: GET, Route: personas]
in SYSTEMPATH\Pager\Pager.php on line 124.
 1 SYSTEMPATH\Pager\Pager.php(124): CodeIgniter\Pager\Exceptions\PagerException::forInvalidTemplate('bootstrap')
 2 SYSTEMPATH\Pager\Pager.php(87): CodeIgniter\Pager\Pager->displayLinks('default', 'bootstrap')
 3 APPPATH\Views\personas\index.php(122): CodeIgniter\Pager\Pager->links('default', 'bootstrap')
 4 SYSTEMPATH\View\View.php(238): include('C:\\Users\\Usuario\\Desktop\\sistema\\Nueva-carpeta\\app\\Views\\personas\\index.php')
 5 SYSTEMPATH\View\View.php(241): CodeIgniter\View\View->CodeIgniter\View\{closure}()
 6 SYSTEMPATH\Common.php(1250): CodeIgniter\View\View->render('personas/index', [], true)
 7 APPPATH\Controllers\PersonaController.php(86): view('personas/index', [...])
 8 SYSTEMPATH\CodeIgniter.php(951): App\Controllers\PersonaController->index()
 9 SYSTEMPATH\CodeIgniter.php(497): CodeIgniter\CodeIgniter->runController(Object(App\Controllers\PersonaController))
10 SYSTEMPATH\CodeIgniter.php(340): CodeIgniter\CodeIgniter->handleRequest(null, Object(Config\Cache), false)
11 SYSTEMPATH\Boot.php(417): CodeIgniter\CodeIgniter->run()
12 SYSTEMPATH\Boot.php(68): CodeIgniter\Boot::runCodeIgniter(Object(CodeIgniter\CodeIgniter))
13 FCPATH\index.php(59): CodeIgniter\Boot::bootWeb(Object(Config\Paths))
14 SYSTEMPATH\rewrite.php(44): require_once('C:\\Users\\Usuario\\Desktop\\sistema\\Nueva-carpeta\\public\\index.php')
CRITICAL - 2026-04-22 13:50:32 --> CodeIgniter\View\Exceptions\ViewException: Invalid file: "CodeIgniter\Pager\Views\bootstrap_full.php"
[Method: GET, Route: personas]
in SYSTEMPATH\Exceptions\FrameworkException.php on line 39.
 1 SYSTEMPATH\View\View.php(226): CodeIgniter\Exceptions\FrameworkException::forInvalidFile('CodeIgniter\\Pager\\Views\\bootstrap_full.php')
 2 SYSTEMPATH\Pager\Pager.php(130): CodeIgniter\View\View->render('CodeIgniter\\Pager\\Views\\bootstrap_full')
 3 SYSTEMPATH\Pager\Pager.php(87): CodeIgniter\Pager\Pager->displayLinks('default', 'bootstrap')
 4 APPPATH\Views\personas\index.php(122): CodeIgniter\Pager\Pager->links('default', 'bootstrap')
 5 SYSTEMPATH\View\View.php(238): include('C:\\Users\\Usuario\\Desktop\\sistema\\Nueva-carpeta\\app\\Views\\personas\\index.php')
 6 SYSTEMPATH\View\View.php(241): CodeIgniter\View\View->CodeIgniter\View\{closure}()
 7 SYSTEMPATH\Common.php(1250): CodeIgniter\View\View->render('personas/index', [], true)
 8 APPPATH\Controllers\PersonaController.php(86): view('personas/index', [...])
 9 SYSTEMPATH\CodeIgniter.php(951): App\Controllers\PersonaController->index()
10 SYSTEMPATH\CodeIgniter.php(497): CodeIgniter\CodeIgniter->runController(Object(App\Controllers\PersonaController))
11 SYSTEMPATH\CodeIgniter.php(340): CodeIgniter\CodeIgniter->handleRequest(null, Object(Config\Cache), false)
12 SYSTEMPATH\Boot.php(417): CodeIgniter\CodeIgniter->run()
13 SYSTEMPATH\Boot.php(68): CodeIgniter\Boot::runCodeIgniter(Object(CodeIgniter\CodeIgniter))
14 FCPATH\index.php(59): CodeIgniter\Boot::bootWeb(Object(Config\Paths))
15 SYSTEMPATH\rewrite.php(44): require_once('C:\\Users\\Usuario\\Desktop\\sistema\\Nueva-carpeta\\public\\index.php')
